<input type="text" name="Name" value="Jon Doe"><input type="text" name="Email" value="jondoe@gmail.com">